╔═══════════════════╦══════════════╗
║Test field 1       ║Test field 2  ║
╠═══════════════════╬══════════════╣
║test               ║           123║
╠═══════════════════╬══════════════╣
║long string test!  ║          28.7║
╠═══════════════════╬══════════════╣
║other text         ║             3║
╚═══════════════════╩══════════════╝
